======================================================================
  MYTH TEST SUITE — SUCCESS REPORT
  Generated: 2026-02-21 07:21:47
======================================================================

✨ ALL TESTS PASSED SUCCESSFULLY! No errors detected.
Total Tests: 0
